[ant3dprinting.com/index.html]
[backblue.gif]
[fade.gif]
[index.html]
[ant3dprinting.com/feed/index.html]
[ant3dprinting.com/comments/feed/index.html]
[ant3dprinting.com/wp-includes/js/jquery/jquery4a5f.js]
[ant3dprinting.com/wp-includes/js/jquery/jquery-migrate.min330a.js]
[ant3dprinting.com/wp-content/plugins/3dprint/includes/ext/tooltipster/js/tooltipster.bundle.min62d4.js]
[ant3dprinting.com/wp-content/plugins/3dprint/includes/ext/ProgressButtonStyles/js/modernizr.custom62d4.js]
[ant3dprinting.com/wp-content/plugins/3dprint/includes/ext/bxslider/js/jquery.bxslider62d4.js]
[ant3dprinting.com/wp-content/plugins/3dprint/includes/ext/sticky-element/jquery.stickyelement62d4.js]
[ant3dprinting.com/wp-content/plugins/3dprint/includes/ext/select2/select2.min62d4.js]
[ant3dprinting.com/wp-content/plugins/3dprint/includes/ext/steps/jquery.accordion-wizard62d4.js]
[ant3dprinting.com/wp-content/plugins/3dprint/includes/ext/threejs/three.min62d4.js]
[ant3dprinting.com/wp-content/plugins/3dprint/includes/ext/threejs/js/Detector62d4.js]
[ant3dprinting.com/wp-content/plugins/3dprint/includes/ext/threejs/js/Mirror62d4.js]
[ant3dprinting.com/wp-content/plugins/3dprint/includes/ext/threejs/js/objects/Reflector62d4.js]
[ant3dprinting.com/wp-content/plugins/3dprint/includes/ext/threejs/js/controls/OrbitControls62d4.js]
[ant3dprinting.com/wp-content/plugins/3dprint/includes/ext/threejs/js/renderers/CanvasRenderer62d4.js]
[ant3dprinting.com/wp-content/plugins/3dprint/includes/ext/threejs/js/renderers/Projector62d4.js]
[ant3dprinting.com/wp-content/plugins/3dprint/includes/ext/threejs/js/loaders/STLLoader62d4.js]
[ant3dprinting.com/wp-content/plugins/3dprint/includes/ext/threejs/js/loaders/OBJLoader62d4.js]
[ant3dprinting.com/wp-content/plugins/3dprint/includes/ext/threejs/js/loaders/MTLLoader62d4.js]
[ant3dprinting.com/wp-content/plugins/3dprint/includes/ext/threex/threex.dilategeometry62d4.js]
[ant3dprinting.com/wp-content/plugins/3dprint/includes/ext/threex/threex.atmospherematerial62d4.js]
[ant3dprinting.com/wp-content/plugins/3dprint/includes/ext/threex/threex.geometricglowmesh62d4.js]
[ant3dprinting.com/wp-content/plugins/3dprint/includes/ext/mb.extruder/jquery.hoverIntent.min62d4.js]
[ant3dprinting.com/wp-content/plugins/3dprint/includes/ext/mb.extruder/jquery.mb.flipText62d4.js]
[ant3dprinting.com/wp-content/plugins/3dprint/includes/ext/mb.extruder/mbExtruder62d4.js]
[ant3dprinting.com/wp-content/plugins/3dprint/includes/ext/prettyPhoto/js/jquery.prettyPhoto.min62d4.js]
[ant3dprinting.com/wp-content/plugins/3dprint/includes/ext/prettyPhoto/js/jquery.prettyPhoto.init.min62d4.js]
[ant3dprinting.com/wp-content/plugins/3dprint/includes/ext/plupload/plupload.full.min62d4.js]
[ant3dprinting.com/wp-content/plugins/3dprint/includes/ext/ProgressButtonStyles/js/classie62d4.js]
[ant3dprinting.com/wp-content/plugins/3dprint/includes/ext/ProgressButtonStyles/js/progressButton62d4.js]
[ant3dprinting.com/wp-content/plugins/3dprint/includes/ext/event-manager/event-manager62d4.js]
[ant3dprinting.com/wp-content/plugins/3dprint/includes/ext/accounting/accounting.min62d4.js]
[ant3dprinting.com/wp-content/plugins/3dprint/includes/ext/noUiSlider/nouislider.min62d4.js]
[ant3dprinting.com/wp-content/plugins/3dprint/includes/ext/easyaspie/assets/js/superfish62d4.js]
[ant3dprinting.com/wp-content/plugins/3dprint/includes/ext/easyaspie/assets/js/easyaspie62d4.js]
[ant3dprinting.com/wp-content/plugins/woocommerce/assets/js/jquery-cookie/jquery.cookie.min330a.js]
[ant3dprinting.com/wp-content/plugins/3dprint/includes/js/3dprint-frontend62d4.js]
[ant3dprinting.com/wp-content/plugins/3dprint/includes/ext/plupload/i18n/en7752.js]
[ant3dprinting.com/wp-content/plugins/myworks-woo-sync-for-quickbooks-online/public/js/myworks-wc-qbo-sync-public7752.js]
[ant3dprinting.com/wp-content/plugins/woo-advanced-discounts/public/js/wad-publicb3e8.js]
[ant3dprinting.com/wp-content/plugins/woo-advanced-discounts/public/js/tooltip.minb3e8.js]
[ant3dprinting.com/wp-json/index.html]
[ant3dprinting.com/xmlrpc0db0.php]
[ant3dprinting.com/wp-includes/wlwmanifest.xml]
[ant3dprinting.com/wp-json/oembed/1.0/embed58da.json]
[ant3dprinting.com/wp-json/oembed/1.0/embed0ab0]
[i2.wp.com/ant3dprinting.com/wp-content/uploads/2018/11/cropped-AntLogoPng-1e43b.png]
[i2.wp.com/ant3dprinting.com/wp-content/uploads/2018/11/cropped-AntLogoPng-198d8.png]
[i2.wp.com/ant3dprinting.com/wp-content/uploads/2018/11/cropped-AntLogoPng-1f9b5.png]
[stats.wp.com/s-201922.js]
[i1.wp.com/ant3dprinting.com/wp-content/uploads/2018/11/cropped-AntLogoPng5da7.png]
[i1.wp.com/ant3dprinting.com/wp-content/uploads/2019/02/LogoMakr_2WdF7a0f1c.png]
[i0.wp.com/ant3dprinting.com/wp-content/uploads/2018/11/LogoMakr_9KtUpN2cb2.png]
[i0.wp.com/ant3dprinting.com/wp-content/uploads/2018/11/LogoMakr_1S8cW1d253.png]
[i1.wp.com/ant3dprinting.com/wp-content/uploads/2018/11/LogoMakr_6HMUdj0f1c.png]
[i1.wp.com/ant3dprinting.com/wp-content/uploads/2019/02/52666703_2048776131854099_473263369764208640_n4cff.jpg]
[ant3dprinting.com/quote/index.html]
[i1.wp.com/ant3dprinting.com/wp-content/uploads/2019/05/DSC_36934cff.jpg]
[i2.wp.com/ant3dprinting.com/wp-content/uploads/2019/05/DSC_35674cff.jpg]
[i1.wp.com/ant3dprinting.com/wp-content/uploads/2018/12/image14cff.jpg]
[ant3dprinting.com/about/index.html]
[ant3dprinting.com/contact/index.html]
[i1.wp.com/ant3dprinting.com/wp-content/uploads/2018/12/DSC_34504cff.jpg]
[ant3dprinting.com/info/index.html]
[i2.wp.com/ant3dprinting.com/wp-content/uploads/2018/12/DSC_34484cff.jpg]
[ant3dprinting.com/process-and-materials/index.html]
[i2.wp.com/ant3dprinting.com/wp-content/uploads/2018/11/DSC_33494cff.jpg]
[ant3dprinting.com/general-terms-and-conditions/index.html]
[i1.wp.com/ant3dprinting.com/wp-content/uploads/2018/11/DSC_3342-14cff.jpg]
[i1.wp.com/ant3dprinting.com/wp-content/uploads/2019/02/DSC_35204cff.jpg]
[ant3dprinting.com/shop/index.html]
[i1.wp.com/ant3dprinting.com/wp-content/uploads/2019/05/DSC_35904cff.jpg]
[ant3dprinting.com/wp-content/plugins/jetpack/_inc/build/photon/photon.min68a5.js]
[ant3dprinting.com/cart/index.html]
[s0.wp.com/wp-content/js/devicepx-jetpack9794.js]
[ant3dprinting.com/wp-content/plugins/mystickymenu/js/detectmobilebrowserd63f.js]
[ant3dprinting.com/product/instant-quote/index.html]
[ant3dprinting.com/wp-content/plugins/mystickymenu/js/mystickymenu.mind63f.js]
[ant3dprinting.com/wp-content/plugins/woocommerce/assets/js/jquery-blockui/jquery.blockUI.min44fd.js]
[ant3dprinting.com/wp-content/plugins/woocommerce/assets/js/frontend/add-to-cart.min5aed.js]
[ant3dprinting.com/wp-content/plugins/woocommerce/assets/js/js-cookie/js.cookie.min6b25.js]
[ant3dprinting.com/wp-content/plugins/woocommerce/assets/js/frontend/woocommerce.min5aed.js]
[ant3dprinting.com/wp-content/plugins/woocommerce/assets/js/frontend/cart-fragments.min5aed.js]
[secure.gravatar.com/js/gprofilese83e.js]
[ant3dprinting.com/wp-content/plugins/jetpack/modules/wpgroho7752.js]
[ant3dprinting.com/wp-includes/js/imagesloaded.min55a0.js]
[ant3dprinting.com/wp-content/themes/oceanwp/assets/js/third/woo/woo-scripts.min694e.js]
[ant3dprinting.com/wp-content/themes/oceanwp/assets/js/third/magnific-popup.min694e.js]
[ant3dprinting.com/wp-content/themes/oceanwp/assets/js/third/lightbox.min694e.js]
[ant3dprinting.com/wp-content/themes/oceanwp/assets/js/main.min694e.js]
[ant3dprinting.com/wp-content/themes/oceanwp/assets/js/third/woo/woo-quick-view.min694e.js]
[ant3dprinting.com/wp-includes/js/underscore.min4511.js]
[ant3dprinting.com/wp-includes/js/wp-util.min7752.js]
[ant3dprinting.com/wp-content/plugins/woocommerce/assets/js/frontend/add-to-cart-variation.min5aed.js]
[ant3dprinting.com/wp-content/plugins/woocommerce/assets/js/flexslider/jquery.flexslider.mineed8.js]
[ant3dprinting.com/wp-content/themes/oceanwp/assets/js/third/woo/woo-mini-cart.min694e.js]
[ant3dprinting.com/wp-includes/js/wp-embed.min7752.js]
[ant3dprinting.com/wp-content/plugins/elementor/assets/lib/slick/slick.minc245.js]
[ant3dprinting.com/wp-content/plugins/elementor/assets/js/frontend-modules.min60a8.js]
[ant3dprinting.com/wp-includes/js/jquery/ui/position.mine899.js]
[ant3dprinting.com/wp-content/plugins/elementor/assets/lib/dialog/dialog.min6996.js]
[ant3dprinting.com/wp-content/plugins/elementor/assets/lib/waypoints/waypoints.min05da.js]
[ant3dprinting.com/wp-content/plugins/elementor/assets/lib/swiper/swiper.min4f24.js]
[ant3dprinting.com/wp-content/plugins/elementor/assets/js/frontend.min60a8.js]
[ant3dprinting.com/index.html]
[ant3dprinting.com/wp-includes/css/dist/block-library/style.min7752.css]
[ant3dprinting.com/wp-includes/css/dist/block-library/theme.min7752.css]
[ant3dprinting.com/wp-content/plugins/woocommerce/assets/css/blocks/style5aed.css]
[ant3dprinting.com/wp-content/plugins/3dprint/includes/css/3dprint-frontend-global62d4.css]
[ant3dprinting.com/wp-content/plugins/3dprint/includes/css/3dprint-frontend62d4.css]
[stats.wp.com/e-201922.js]
[ant3dprinting.com/wp-content/plugins/3dprint/includes/ext/ProgressButtonStyles/fonts/icomoon/icomoon.eot]
[ant3dprinting.com/wp-content/plugins/3dprint/includes/ext/ProgressButtonStyles/fonts/icomoon/icomoond41d.eot]
[ant3dprinting.com/wp-content/plugins/3dprint/includes/ext/ProgressButtonStyles/fonts/icomoon/icomoon.ttf]
[ant3dprinting.com/wp-content/plugins/3dprint/includes/ext/ProgressButtonStyles/fonts/icomoon/icomoon.woff]
[ant3dprinting.com/wp-content/plugins/3dprint/includes/ext/ProgressButtonStyles/css/component62d4.css]
[ant3dprinting.com/wp-content/plugins/3dprint/includes/ext/noUiSlider/nouislider.min62d4.css]
[ant3dprinting.com/wp-content/plugins/3dprint/includes/ext/bxslider/css/images/bx_loader.gif]
[ant3dprinting.com/wp-content/plugins/3dprint/includes/ext/bxslider/css/images/controls.png]
[ant3dprinting.com/wp-content/plugins/3dprint/includes/ext/bxslider/css/jquery.bxslider62d4.css]
[ant3dprinting.com/wp-content/plugins/3dprint/includes/ext/easyaspie/assets/images/arrow.png]
[ant3dprinting.com/wp-content/plugins/3dprint/includes/ext/easyaspie/assets/images/menuicon.png]
[ant3dprinting.com/wp-content/plugins/3dprint/includes/ext/easyaspie/assets/css/main62d4.css]
[ant3dprinting.com/wp-content/plugins/3dprint/includes/ext/mb.extruder/elements/extruder_blank.png]
[ant3dprinting.com/wp-content/plugins/3dprint/includes/ext/mb.extruder/elements/extruder_voiceHover.png]
[ant3dprinting.com/wp-content/plugins/3dprint/includes/ext/mb.extruder/elements/settingsBtn.png]
[ant3dprinting.com/wp-content/plugins/3dprint/includes/ext/mb.extruder/elements/fuzz.gif]
[ant3dprinting.com/wp-content/plugins/3dprint/includes/ext/mb.extruder/elements/red_op_50.png]
[ant3dprinting.com/wp-content/plugins/3dprint/includes/ext/mb.extruder/mbExtruder62d4.css]
[ant3dprinting.com/wp-content/plugins/3dprint/includes/ext/tooltipster/css/tooltipster.bundle.min62d4.css]
[ant3dprinting.com/wp-content/plugins/3dprint/includes/ext/tooltipster/css/plugins/tooltipster/sideTip/themes/tooltipster-sideTip-light.min62d4.css]
[ant3dprinting.com/wp-content/plugins/3dprint/includes/ext/prettyPhoto/fonts/star.eot]
[ant3dprinting.com/wp-content/plugins/3dprint/includes/ext/prettyPhoto/fonts/stard41d.eot]
[ant3dprinting.com/wp-content/plugins/3dprint/includes/ext/prettyPhoto/fonts/star.woff]
[ant3dprinting.com/wp-content/plugins/3dprint/includes/ext/prettyPhoto/fonts/star.ttf]
[ant3dprinting.com/wp-content/plugins/3dprint/includes/ext/prettyPhoto/fonts/WooCommerce.eot]
[ant3dprinting.com/wp-content/plugins/3dprint/includes/ext/prettyPhoto/fonts/WooCommerced41d.eot]
[ant3dprinting.com/wp-content/plugins/3dprint/includes/ext/prettyPhoto/fonts/WooCommerce.woff]
[ant3dprinting.com/wp-content/plugins/3dprint/includes/ext/prettyPhoto/fonts/WooCommerce.ttf]
[ant3dprinting.com/wp-content/plugins/3dprint/includes/ext/prettyPhoto/css/prettyPhoto62d4.css]
[ant3dprinting.com/wp-content/plugins/3dprint/includes/ext/select2/select2.min62d4.css]
[ant3dprinting.com/wp-content/plugins/myworks-woo-sync-for-quickbooks-online/public/css/myworks-wc-qbo-sync-public7752.css]
[ant3dprinting.com/wp-content/plugins/woo-advanced-discounts/public/images/facebook.png]
[ant3dprinting.com/wp-content/plugins/woo-advanced-discounts/public/images/instagram.png]
[ant3dprinting.com/wp-content/plugins/woo-advanced-discounts/public/css/wad-publicb3e8.css]
[ant3dprinting.com/wp-content/plugins/woo-advanced-discounts/public/css/tooltip.minb3e8.css]
[ant3dprinting.com/wp-content/plugins/woo-custom-product-addons/assets/css/frontend531b.css]
[ant3dprinting.com/wp-content/themes/oceanwp/assets/fonts/fontawesome/fontawesome-webfont3e6e.eot]
[ant3dprinting.com/wp-content/themes/oceanwp/assets/fonts/fontawesome/fontawesome-webfontd41d.eot]
[ant3dprinting.com/wp-content/themes/oceanwp/assets/fonts/fontawesome/fontawesome-webfont3e6e.woff2]
[ant3dprinting.com/wp-content/themes/oceanwp/assets/fonts/fontawesome/fontawesome-webfont3e6e.woff]
[ant3dprinting.com/wp-content/themes/oceanwp/assets/fonts/fontawesome/fontawesome-webfont3e6e.ttf]
[ant3dprinting.com/wp-content/themes/oceanwp/assets/css/third/font-awesome.min1849.css]
[ant3dprinting.com/wp-content/themes/oceanwp/assets/fonts/simple-line-icons/Simple-Line-Iconsb26c.eot]
[ant3dprinting.com/wp-content/themes/oceanwp/assets/fonts/simple-line-icons/Simple-Line-Iconsb26c.woff2]
[ant3dprinting.com/wp-content/themes/oceanwp/assets/fonts/simple-line-icons/Simple-Line-Iconsb26c.ttf]
[ant3dprinting.com/wp-content/themes/oceanwp/assets/fonts/simple-line-icons/Simple-Line-Iconsb26c.woff]
[ant3dprinting.com/wp-content/themes/oceanwp/assets/css/third/simple-line-icons.min8d5a.css]
[ant3dprinting.com/wp-content/themes/oceanwp/assets/css/third/magnific-popup.min8a54.css]
[ant3dprinting.com/wp-content/themes/oceanwp/assets/fonts/slick/slick.eot]
[ant3dprinting.com/wp-content/themes/oceanwp/assets/fonts/slick/slickd41d.eot]
[ant3dprinting.com/wp-content/themes/oceanwp/assets/fonts/slick/slick.woff]
[ant3dprinting.com/wp-content/themes/oceanwp/assets/fonts/slick/slick.ttf]
[ant3dprinting.com/wp-content/themes/oceanwp/assets/css/third/slick.minaff7.css]
[ant3dprinting.com/wp-content/themes/oceanwp/assets/css/style.min694e.css]
[ant3dprinting.com/wp-content/themes/oceanwp/assets/css/woo/woo-mini-cart.min7752.css]
[ant3dprinting.com/wp-content/themes/oceanwp/assets/css/woo/woocommerce.min7752.css]
[ant3dprinting.com/wp-content/themes/oceanwp/assets/fonts/star/star.eot]
[ant3dprinting.com/wp-content/themes/oceanwp/assets/fonts/star/stard41d.eot]
[ant3dprinting.com/wp-content/themes/oceanwp/assets/fonts/star/star.woff]
[ant3dprinting.com/wp-content/themes/oceanwp/assets/fonts/star/star.ttf]
[ant3dprinting.com/wp-content/themes/oceanwp/assets/css/woo/woo-star-font.min7752.css]
[ant3dprinting.com/wp-content/themes/oceanwp/assets/css/woo/woo-quick-view.min7752.css]
[ant3dprinting.com/wp-content/plugins/elementor/assets/lib/eicons/fonts/eiconsc9e4.eot]
[ant3dprinting.com/wp-content/plugins/elementor/assets/lib/eicons/fonts/eiconsc9e4.woff2]
[ant3dprinting.com/wp-content/plugins/elementor/assets/lib/eicons/fonts/eiconsc9e4.woff]
[ant3dprinting.com/wp-content/plugins/elementor/assets/lib/eicons/fonts/eiconsc9e4.ttf]
[ant3dprinting.com/wp-content/plugins/elementor/assets/lib/eicons/css/elementor-icons.minb2f9.css]
[ant3dprinting.com/wp-content/plugins/elementor/assets/lib/animations/animations.min60a8.css]
[ant3dprinting.com/wp-content/plugins/elementor/assets/css/frontend.min60a8.css]
[ant3dprinting.com/wp-content/uploads/elementor/css/global9341.css]
[ant3dprinting.com/wp-content/uploads/2019/05/DSC_3301-3.jpg]
[ant3dprinting.com/wp-content/uploads/elementor/css/post-44279eb.css]
[ant3dprinting.com/wp-content/plugins/ocean-extra/assets/img/instagram-logo.png]
[ant3dprinting.com/wp-content/plugins/ocean-extra/assets/img/flickr.png]
[ant3dprinting.com/wp-content/plugins/ocean-extra/assets/css/widgets7752.css]
[ant3dprinting.com/wp-content/plugins/jetpack/modules/carousel/images/arrows.png]
[ant3dprinting.com/wp-content/plugins/jetpack/modules/carousel/images/arrows-2x.png]
[ant3dprinting.com/wp-content/plugins/jetpack/modules/carousel/images/carousel-spritee4da.png]
[ant3dprinting.com/wp-content/plugins/jetpack/modules/carousel/images/carousel-sprite-2xe4da.png]
[ant3dprinting.com/wp-content/plugins/jetpack/modules/shortcodes/img/slideshow-controls.png]
[ant3dprinting.com/wp-content/plugins/jetpack/modules/shortcodes/img/slideshow-controls-2x.png]
[ant3dprinting.com/wp-content/plugins/jetpack/modules/shortcodes/images/slide-nav.png]
[ant3dprinting.com/wp-content/plugins/jetpack/modules/shortcodes/images/expand.png]
[ant3dprinting.com/wp-content/plugins/jetpack/modules/shortcodes/images/collapse.png]
[secure.gravatar.com/images/grav-share-sprite.png]
[ant3dprinting.com/wp-content/plugins/jetpack/css/jetpackd5a8.css]
[pixel.wp.com/td41d.gif]
[stats.wp.com/s-201922.js]
[ant3dprinting.com/wp-json/oembed/1.0/embed84a1.json]
[ant3dprinting.com/wp-json/oembed/1.0/embedd739]
[i2.wp.com/ant3dprinting.com/wp-content/uploads/2019/05/Instant-Quotea43c.png]
[i0.wp.com/ant3dprinting.com/wp-content/uploads/2019/05/Manual-Quote-1235c.png]
[ant3dprinting.com/quote/index.html]
[ant3dprinting.com/manual-quote/index.html]
[ant3dprinting.com/wp-json/oembed/1.0/embed9307.json]
[ant3dprinting.com/wp-json/oembed/1.0/embedc470]
[ant3dprinting.com/info/index.html]
[ant3dprinting.com/about/index.html]
[ant3dprinting.com/contact/index34af.html]
[ant3dprinting.com/wp-json/oembed/1.0/embed377b.json]
[ant3dprinting.com/wp-json/oembed/1.0/embedce4e]
[i0.wp.com/ant3dprinting.com/wp-content/uploads/2018/11/AntLogoPnga87c.png]
[ant3dprinting.com/wp-content/plugins/wpforms/assets/js/jquery.validate.min24fc.js]
[ant3dprinting.com/wp-content/plugins/wpforms/assets/js/jquery.inputmask.bundle.min0e07.js]
[ant3dprinting.com/wp-content/plugins/wpforms/assets/js/wpformse29d.js]
[ant3dprinting.com/contact/index.html]
[ant3dprinting.com/general-terms-and-conditions/index34af.html]
[ant3dprinting.com/wp-json/oembed/1.0/embed69b2.json]
[ant3dprinting.com/wp-json/oembed/1.0/embed06d7]
[ant3dprinting.com/general-terms-and-conditions/index.html]
[ant3dprinting.com/wp-json/oembed/1.0/embed8652.json]
[ant3dprinting.com/wp-json/oembed/1.0/embed16c3]
[i1.wp.com/ant3dprinting.com/wp-content/uploads/2018/12/image2465b.jpg]
[i0.wp.com/ant3dprinting.com/wp-content/uploads/2018/11/DSC_3296465b.jpg]
[ant3dprinting.com/process-and-materials/index.html]
[i2.wp.com/ant3dprinting.com/wp-content/uploads/2018/12/DSC_346394e3.jpg]
[ant3dprinting.com/sla/index.html]
[i0.wp.com/ant3dprinting.com/wp-content/uploads/2018/12/DSC_346594e3.jpg]
[ant3dprinting.com/fdm/index.html]
[ant3dprinting.com/shop/feed/index.html]
[i1.wp.com/ant3dprinting.com/wp-content/uploads/2019/01/DSC_351694e3.jpg]
[ant3dprinting.com/shop/index5e9c.html]
[i0.wp.com/ant3dprinting.com/wp-content/uploads/2019/01/DSC_351894e3.jpg]
[ant3dprinting.com/shop/indexf2f4.html]
[ant3dprinting.com/wp-content/themes/oceanwp/assets/js/third/woo/woo-off-canvas.min694e.js]
[ant3dprinting.com/shop/index.html]
[ant3dprinting.com/shop/index130f.html]
[ant3dprinting.com/cart/index.html]
[ant3dprinting.com/product/customization-3d-printed-pen/index.html]
[ant3dprinting.com/product/wand-pen/index.html]
[ant3dprinting.com/product-category/pens/index.html]
[ant3dprinting.com/wp-json/oembed/1.0/embed1f0b.json]
[ant3dprinting.com/wp-json/oembed/1.0/embed86ec]
[ant3dprinting.com/wp-content/plugins/3dprint/images/ajax-loader-small.gif]
[ant3dprinting.com/wp-content/plugins/3dprint/images/ajax-loader.gif]
[ant3dprinting.com/wp-content/plugins/3dprint/images/upload45.png]
[ant3dprinting.com/wp-content/plugins/3dprint/images/lock.png]
[ant3dprinting.com/wp-content/plugins/3dprint/images/unlock.png]
[ant3dprinting.com/wp-content/plugins/woocommerce/assets/js/zoom/jquery.zoom.min5a35.js]
[ant3dprinting.com/wp-content/plugins/woocommerce/assets/js/photoswipe/photoswipe.min0235.js]
[ant3dprinting.com/wp-content/plugins/woocommerce/assets/js/photoswipe/photoswipe-ui-default.min0235.js]
[ant3dprinting.com/wp-content/plugins/woocommerce/assets/js/frontend/single-product.min5aed.js]
[ant3dprinting.com/wp-content/themes/oceanwp/assets/js/third/woo/woo-floating-bar.min694e.js]
[ant3dprinting.com/product/instant-quote/index.html]
[s0.wp.com/wp-content/js/devicepx-jetpack9794.js]
[pixel.wp.com/g9818.gif]
[secure.gravatar.com/js/gprofilese83e.js]
[ant3dprinting.com/product-category/quote/index.html]
[ant3dprinting.com/g.ef.delayed]
[ant3dprinting.com/ABCDEFGHIJKLMNOPQRSTUVWXYZabcdefghijklmnopqrstuvwxyz0123456789+/index.html]
[ant3dprinting.com/c.gif]
[ant3dprinting.com/t.gif]
[stats.wp.com/e-201922.js]
[ant3dprinting.com/wp-content/plugins/3dprint/includes/ext/ProgressButtonStyles/fonts/icomoon/icomoon.svg]
[ant3dprinting.com/wp-content/plugins/3dprint/includes/ext/prettyPhoto/fonts/star.svg]
[ant3dprinting.com/wp-content/plugins/3dprint/includes/ext/prettyPhoto/fonts/WooCommerce.svg]
[ant3dprinting.com/wp-content/plugins/3dprint/includes/ext/prettyPhoto/images/icons/loader.svg]
[ant3dprinting.com/wp-content/themes/oceanwp/assets/fonts/fontawesome/fontawesome-webfont3e6e.svg]
[ant3dprinting.com/wp-content/themes/oceanwp/assets/fonts/simple-line-icons/Simple-Line-Iconsb26c.svg]
[ant3dprinting.com/wp-content/themes/oceanwp/assets/fonts/slick/slick.svg]
[ant3dprinting.com/wp-content/themes/oceanwp/assets/fonts/star/star.svg]
[ant3dprinting.com/wp-content/plugins/elementor/assets/lib/eicons/fonts/eiconsc9e4.svg]
[ant3dprinting.com/wp-content/uploads/elementor/css/post-56a628.css]
[ant3dprinting.com/wp-json/oembed/1.0/embed380a.json]
[ant3dprinting.com/wp-json/oembed/1.0/embed2f4d]
[ant3dprinting.com/manual-quote/index.html]
[ant3dprinting.com/wp-content/uploads/2019/05/DSC_3567.jpg]
[ant3dprinting.com/wp-content/uploads/elementor/css/post-5946d82.css]
[ant3dprinting.com/contact/index34af.html]
[ant3dprinting.com/wp-content/plugins/wpforms/assets/css/wpforms-fulle29d.css]
[ant3dprinting.com/wp-content/uploads/2018/11/DSC_3357.jpg]
[ant3dprinting.com/wp-content/uploads/elementor/css/post-187383.css]
[ant3dprinting.com/contact/_https_/ant3dprinting.com/general-terms-and-conditions/indexa06f.html]
[ant3dprinting.com/contact/_https_/ant3dprinting.com/general-terms-and-conditions/index7455.html]
[ant3dprinting.com/general-terms-and-conditions/index34af.html]
[ant3dprinting.com/wp-content/uploads/2018/11/DSC_3308.jpg]
[ant3dprinting.com/wp-content/uploads/elementor/css/post-40995c1.css]
[ant3dprinting.com/wp-json/oembed/1.0/embeda393.json]
[ant3dprinting.com/wp-json/oembed/1.0/embed8154]
[i1.wp.com/ant3dprinting.com/wp-content/uploads/2019/01/DSC_347294e3.jpg]
[i1.wp.com/ant3dprinting.com/wp-content/uploads/2019/01/DSC_346794e3.jpg]
[i1.wp.com/ant3dprinting.com/wp-content/uploads/2019/01/DSC_346894e3.jpg]
[i0.wp.com/ant3dprinting.com/wp-content/uploads/2019/01/DSC_347094e3.jpg]
[i0.wp.com/ant3dprinting.com/wp-content/uploads/2019/02/DSC_352694e3.jpg]
[ant3dprinting.com/sla/index.html]
[ant3dprinting.com/wp-json/oembed/1.0/embed4697.json]
[ant3dprinting.com/wp-json/oembed/1.0/embed6ada]
[ant3dprinting.com/fdm/index.html]
[ant3dprinting.com/shop/index5e9c.html]
[ant3dprinting.com/shop/indexf2f4.html]
[ant3dprinting.com/shop/index130f.html]
[ant3dprinting.com/wp-json/oembed/1.0/embedd068.json]
[ant3dprinting.com/wp-json/oembed/1.0/embeddb9d]
[i1.wp.com/ant3dprinting.com/wp-content/uploads/2019/01/DSC_3516958e.jpg]
[i2.wp.com/ant3dprinting.com/wp-content/uploads/2018/12/DSC_3463fc96.jpg]
[i2.wp.com/ant3dprinting.com/wp-content/uploads/2018/12/DSC_34635cfc.jpg]
[i0.wp.com/ant3dprinting.com/wp-content/uploads/2018/12/DSC_3465bbd1.jpg]
[i0.wp.com/ant3dprinting.com/wp-content/uploads/2018/12/DSC_34655cfc.jpg]
[i1.wp.com/ant3dprinting.com/wp-content/uploads/2018/12/DSC_3461126f.jpg]
[i1.wp.com/ant3dprinting.com/wp-content/uploads/2018/12/DSC_34615cfc.jpg]
[ant3dprinting.com/product/customization-3d-printed-pen/index.html]
[ant3dprinting.com/product-category/pens/index.html]
[ant3dprinting.com/product-category/pens/feed/index.html]
[ant3dprinting.com/wp-json/oembed/1.0/embed58e1.json]
[ant3dprinting.com/product-category/pens/indexf2f4.html]
[ant3dprinting.com/product-category/pens/index5e9c.html]
[ant3dprinting.com/product-category/pens/index130f.html]
[ant3dprinting.com/wp-json/oembed/1.0/embed3abb]
[i2.wp.com/ant3dprinting.com/wp-content/uploads/2018/12/DSC_3463958e.jpg]
[i1.wp.com/ant3dprinting.com/wp-content/uploads/2019/01/DSC_35164b4f.jpg]
[i1.wp.com/ant3dprinting.com/wp-content/uploads/2019/01/DSC_351695fc.jpg]
[i0.wp.com/ant3dprinting.com/wp-content/uploads/2019/01/DSC_35183083.jpg]
[i0.wp.com/ant3dprinting.com/wp-content/uploads/2019/01/DSC_351802a3.jpg]
[i2.wp.com/ant3dprinting.com/wp-content/uploads/2019/01/DSC_351753df.jpg]
[i2.wp.com/ant3dprinting.com/wp-content/uploads/2019/01/DSC_351795fc.jpg]
[ant3dprinting.com/product/wand-pen/index.html]
[ant3dprinting.com/wp-content/plugins/woocommerce/assets/css/photoswipe/photoswipe5aed.css]
[ant3dprinting.com/wp-content/plugins/woocommerce/assets/css/photoswipe/default-skin/default-skin.png]
[ant3dprinting.com/wp-content/plugins/woocommerce/assets/css/photoswipe/default-skin/preloader.gif]
[ant3dprinting.com/wp-content/plugins/woocommerce/assets/css/photoswipe/default-skin/default-skin5aed.css]
[ant3dprinting.com/wp-content/themes/oceanwp/assets/css/woo/woo-floating-bar.min7752.css]
[ant3dprinting.com/wp-content/uploads/p3d/index.html]
[ant3dprinting.com/product-category/quote/index.html]
[ant3dprinting.com/ABCDEFGHIJKLMNOPQRSTUVWXYZabcdefghijklmnopqrstuvwxyz0123456789+/index.html]
[ant3dprinting.com/g.html]
[ant3dprinting.com/c.html]
[ant3dprinting.com/t.html]
[ant3dprinting.com/wp-content/uploads/2018/12/image3-Copy-e1545953803909.jpg]
[ant3dprinting.com/wp-content/uploads/elementor/css/post-219403f.css]
[ant3dprinting.com/manual-quote/_https_/ant3dprinting.com/general-terms-and-conditions/indexa06f.html]
[ant3dprinting.com/contact/_https_/ant3dprinting.com/general-terms-and-conditions/index7455.html]
[ant3dprinting.com/wp-content/uploads/2018/12/DSC_3458.jpg]
[ant3dprinting.com/product-category/quote/feed/index.html]
[ant3dprinting.com/wp-content/uploads/elementor/css/post-6943575.css]
[ant3dprinting.com/manual-quote/_https_/ant3dprinting.com/general-terms-and-conditions/index7455.html]
[ant3dprinting.com/wp-content/uploads/2018/11/DSC_3296.jpg]
[ant3dprinting.com/wp-content/uploads/elementor/css/post-6902747.css]
[ant3dprinting.com/product-category/pens/index5e9c.html]
[ant3dprinting.com/product-category/pens/indexf2f4.html]
[ant3dprinting.com/product-category/pens/index130f.html]
[ant3dprinting.com/wp-content/plugins/woocommerce/assets/css/photoswipe/default-skin/default-skin.svg]
[ant3dprinting.com/manual-quote/_https_/ant3dprinting.com/general-terms-and-conditions/index7455.html]
